Read 1076025 bytes.
Found Question Style: ID=1042, Name=臾몄젣1
Found Question Style: ID=1042, Name=臾몄젣2
Found Question Style: ID=1042, Name=?뚯뒪??臾몄젣
Total Questions Detected: 0
