apply_migration_tmp.ts(27,76): error TS2551: Property 'catch' does not exist on type 'PostgrestFilterBuilder<any, any, any, any, "postgres", null, "RPC">'. Did you mean 'match'?
auto-repair-service.ts(2,33): error TS5097: An import path can only end with a '.ts' extension when 'allowImportingTsExtensions' is enabled.
auto-repair-service.ts(66,58): error TS18046: 'e' is of type 'unknown'.
auto-repair-v23.ts(2,33): error TS5097: An import path can only end with a '.ts' extension when 'allowImportingTsExtensions' is enabled.
auto-repair-v23.ts(90,54): error TS18046: 'e' is of type 'unknown'.
detect_pollution.ts(10,60): error TS2802: Type 'Set<string>' can only be iterated through when using the '--downlevelIteration' flag or with a '--target' of 'es2015' or higher.
detect_pollution.ts(33,69): error TS2802: Type 'Set<string>' can only be iterated through when using the '--downlevelIteration' flag or with a '--target' of 'es2015' or higher.
fetch_question_xml.ts(43,24): error TS7006: Parameter 's' implicitly has an 'any' type.
final-audit-v21.ts(1,37): error TS5097: An import path can only end with a '.ts' extension when 'allowImportingTsExtensions' is enabled.
final-audit-v21.ts(2,33): error TS5097: An import path can only end with a '.ts' extension when 'allowImportingTsExtensions' is enabled.
flatten_endnote_test.ts(2,7): error TS2451: Cannot redeclare block-scoped variable 'sampleXml'.
flatten_endnote_test.ts(4,10): error TS2393: Duplicate function implementation.
flatten_endnote_test.ts(21,25): error TS2802: Type 'RegExpStringIterator<RegExpExecArray>' can only be iterated through when using the '--downlevelIteration' flag or with a '--target' of 'es2015' or higher.
full-audit-pipeline.ts(1,28): error TS5097: An import path can only end with a '.ts' extension when 'allowImportingTsExtensions' is enabled.
full-audit-pipeline.ts(2,33): error TS5097: An import path can only end with a '.ts' extension when 'allowImportingTsExtensions' is enabled.
purge-and-reset-v26.ts(2,33): error TS5097: An import path can only end with a '.ts' extension when 'allowImportingTsExtensions' is enabled.
purge-and-reset-v26.ts(90,56): error TS18046: 'e' is of type 'unknown'.
repro_crash_flatten.ts(9,54): error TS1501: This regular expression flag is only available when targeting 'es2018' or later.
repro_sookmyung_parsing.ts(2,9): error TS2451: Cannot redeclare block-scoped variable 'parseHmlV2'.
repro_sookmyung_parsing.ts(24,7): error TS2451: Cannot redeclare block-scoped variable 'result'.
repro_sookmyung_parsing.ts(26,27): error TS7006: Parameter 'q' implicitly has an 'any' type.
repro_sookmyung_parsing.ts(26,30): error TS7006: Parameter 'i' implicitly has an 'any' type.
repro_v52.ts(10,32): error TS2451: Cannot redeclare block-scoped variable 'v_gen'.
repro_v52.ts(16,5): error TS2451: Cannot redeclare block-scoped variable 'v_mockQ'.
repro_v53.ts(2,7): error TS2451: Cannot redeclare block-scoped variable 'fs'.
repro_v53.ts(3,34): error TS2451: Cannot redeclare block-scoped variable 'v_gen'.
repro_v53.ts(5,7): error TS2451: Cannot redeclare block-scoped variable 'v_template'.
repro_v53.ts(6,7): error TS2451: Cannot redeclare block-scoped variable 'v_mockQ'.
repro_v53.ts(17,7): error TS2451: Cannot redeclare block-scoped variable 'v_output'.
repro_v54.ts(2,7): error TS2451: Cannot redeclare block-scoped variable 'fs'.
repro_v54.ts(3,34): error TS2451: Cannot redeclare block-scoped variable 'v_gen'.
repro_v54.ts(5,7): error TS2451: Cannot redeclare block-scoped variable 'v_template'.
repro_v54.ts(6,7): error TS2451: Cannot redeclare block-scoped variable 'v_mockQ'.
repro_v54.ts(21,7): error TS2451: Cannot redeclare block-scoped variable 'v_output'.
repro_v55.ts(2,7): error TS2451: Cannot redeclare block-scoped variable 'fs'.
repro_v55.ts(3,34): error TS2451: Cannot redeclare block-scoped variable 'v_gen'.
repro_v55.ts(5,7): error TS2451: Cannot redeclare block-scoped variable 'v_template'.
repro_v55.ts(6,7): error TS2451: Cannot redeclare block-scoped variable 'v_mockQ'.
repro_v55.ts(30,7): error TS2451: Cannot redeclare block-scoped variable 'v_output'.
repro_v60.ts(2,7): error TS2451: Cannot redeclare block-scoped variable 'fs'.
repro_v60.ts(3,34): error TS2451: Cannot redeclare block-scoped variable 'v_gen'.
repro_v60.ts(5,7): error TS2451: Cannot redeclare block-scoped variable 'v_template'.
repro_v60.ts(20,7): error TS2451: Cannot redeclare block-scoped variable 'v_output'.
reproduce_empty_hml.ts(169,61): error TS2345: Argument of type '{ question: { content_xml: string; id: string; question_number: number; }; images: never[]; }[]' is not assignable to parameter of type 'QuestionWithImages[]'.
  Type '{ question: { content_xml: string; id: string; question_number: number; }; images: never[]; }' is not assignable to type 'QuestionWithImages'.
    Types of property 'question' are incompatible.
      Property 'plain_text' is missing in type '{ content_xml: string; id: string; question_number: number; }' but required in type 'DbQuestion'.
scripts/debug_multi_merge.ts(5,10): error TS2305: Module '"../src/lib/hml/template-manager"' has no exported member 'mergeIntoTemplate'.
scripts/debug_multi_merge.ts(5,29): error TS2305: Module '"../src/lib/hml/template-manager"' has no exported member 'parseTemplateOffsets'.
scripts/diagnose_hml.ts(4,10): error TS2305: Module '"../src/lib/hml/template-manager"' has no exported member 'mergeIntoTemplate'.
scripts/inspect_full_generation.ts(6,10): error TS2305: Module '"../src/lib/hml/template-manager"' has no exported member 'mergeIntoTemplate'.
scripts/inspect_latest_db.ts(5,27): error TS5097: An import path can only end with a '.ts' extension when 'allowImportingTsExtensions' is enabled.
scripts/inspect_latest_db.ts(6,10): error TS2305: Module '"../src/lib/hml/template-manager.ts"' has no exported member 'mergeIntoTemplate'.
scripts/inspect_latest_db.ts(6,35): error TS5097: An import path can only end with a '.ts' extension when 'allowImportingTsExtensions' is enabled.
scripts/inspect_latest_db.ts(79,35): error TS2339: Property 'borderFills' does not exist on type 'BuildBodyResult'.
scripts/inspect_latest_db.ts(80,54): error TS7006: Parameter 's' implicitly has an 'any' type.
scripts/inspect_latest_db.ts(127,40): error TS7006: Parameter 'k' implicitly has an 'any' type.
scripts/prove_fix.ts(6,10): error TS2305: Module '"../src/lib/hml/template-manager"' has no exported member 'mergeIntoTemplate'.
scripts/prove_fix.ts(6,29): error TS2305: Module '"../src/lib/hml/template-manager"' has no exported member 'parseTemplateOffsets'.
scripts/refresh-math-v28.ts(5,40): error TS5097: An import path can only end with a '.ts' extension when 'allowImportingTsExtensions' is enabled.
scripts/refresh-math-v28.ts(6,33): error TS5097: An import path can only end with a '.ts' extension when 'allowImportingTsExtensions' is enabled.
scripts/repro_compress_fix.ts(5,10): error TS2305: Module '"../src/lib/hml/template-manager"' has no exported member 'mergeIntoTemplate'.
scripts/repro_data_uri_fix.ts(5,10): error TS2305: Module '"../src/lib/hml/template-manager"' has no exported member 'mergeIntoTemplate'.
scripts/repro_exact_match.ts(5,10): error TS2305: Module '"../src/lib/hml/template-manager"' has no exported member 'mergeIntoTemplate'.
scripts/repro_force_compress.ts(5,10): error TS2305: Module '"../src/lib/hml/template-manager"' has no exported member 'mergeIntoTemplate'.
scripts/repro_format_fix.ts(5,10): error TS2305: Module '"../src/lib/hml/template-manager"' has no exported member 'mergeIntoTemplate'.
scripts/repro_mapping_order.ts(5,10): error TS2305: Module '"../src/lib/hml/template-manager"' has no exported member 'mergeIntoTemplate'.
scripts/repro_no_path.ts(5,10): error TS2305: Module '"../src/lib/hml/template-manager"' has no exported member 'mergeIntoTemplate'.
scripts/repro_order_check.ts(5,10): error TS2305: Module '"../src/lib/hml/template-manager"' has no exported member 'mergeIntoTemplate'.
scripts/repro_real_image.ts(5,10): error TS2305: Module '"../src/lib/hml/template-manager"' has no exported member 'mergeIntoTemplate'.
scripts/repro_robust_data_uri.ts(5,10): error TS2305: Module '"../src/lib/hml/template-manager"' has no exported member 'mergeIntoTemplate'.
scripts/repro_wrapper_fix.ts(5,10): error TS2305: Module '"../src/lib/hml/template-manager"' has no exported member 'mergeIntoTemplate'.
scripts/simulate_full_cycle.ts(6,10): error TS2305: Module '"../src/lib/hml/template-manager"' has no exported member 'mergeIntoTemplate'.
scripts/simulate_hml_stability.ts(6,10): error TS2305: Module '"../src/lib/hml/template-manager"' has no exported member 'mergeIntoTemplate'.
scripts/simulate_hml_stability.ts(6,29): error TS2305: Module '"../src/lib/hml/template-manager"' has no exported member 'parseTemplateOffsets'.
scripts/test-hwpx-fallback.ts(2,10): error TS2305: Module '"../src/lib/hwpx/parser"' has no exported member 'HwpxParser'.
scripts/test-v28-proxy.ts(21,57): error TS18046: 'data' is of type 'unknown'.
scripts/test-v28-proxy.ts(26,39): error TS18046: 'e' is of type 'unknown'.
scripts/test_style_persistence.ts(3,10): error TS2305: Module '"../src/lib/hml/template-manager"' has no exported member 'mergeIntoTemplate'.
scripts/test_style_persistence.ts(25,45): error TS2339: Property 'borderFills' does not exist on type 'BuildBodyResult'.
scripts/test_style_persistence.ts(26,11): error TS2339: Property 'borderFills' does not exist on type 'BuildBodyResult'.
scripts/test_style_persistence.ts(27,42): error TS2339: Property 'borderFills' does not exist on type 'BuildBodyResult'.
scripts/test_style_persistence.ts(28,43): error TS2339: Property 'borderFills' does not exist on type 'BuildBodyResult'.
scripts/verify_hml_full.ts(6,10): error TS2305: Module '"../src/lib/hml/template-manager"' has no exported member 'mergeIntoTemplate'.
scripts/verify_hml_full.ts(6,29): error TS2305: Module '"../src/lib/hml/template-manager"' has no exported member 'parseTemplateOffsets'.
scripts/verify_hml_structure.ts(2,10): error TS2305: Module '"@/lib/hml/template-manager"' has no exported member 'buildFinalHmlFile'.
src/app/api/admin/download-hml-v3/route.ts(36,14): error TS2339: Property 'in' does not exist on type 'PostgrestQueryBuilder<any, any, any, "question_images", unknown>'.
src/app/api/admin/download-hml-v3/route.ts(48,50): error TS7006: Parameter 'img' implicitly has an 'any' type.
src/app/api/admin/download-hml-v3/route.ts(140,29): error TS7006: Parameter 'img' implicitly has an 'any' type.
src/app/api/admin/download-hml/route.ts(145,41): error TS2740: Type 'Buffer<ArrayBufferLike>' is missing the following properties from type 'ArrayBuffer': maxByteLength, resizable, resize, detached, and 2 more.
src/app/api/admin/download-hml/route.ts(201,29): error TS2322: Type 'Buffer<ArrayBufferLike>' is not assignable to type 'Buffer<ArrayBuffer>'.
  Type 'ArrayBufferLike' is not assignable to type 'ArrayBuffer'.
    Type 'SharedArrayBuffer' is missing the following properties from type 'ArrayBuffer': resizable, resize, detached, transfer, transferToFixedLength
src/app/update-password/page.tsx(108,55): error TS2367: This comparison appears to be unintentional because the types '"loading" | "idle"' and '"success"' have no overlap.
test-hml-v2.ts(13,7): error TS2451: Cannot redeclare block-scoped variable 'fs'.
test-hml-v2.ts(14,7): error TS2451: Cannot redeclare block-scoped variable 'path'.
test-hml-v2.ts(16,9): error TS2451: Cannot redeclare block-scoped variable 'parseHmlV2'.
test-hml-v2.ts(17,24): error TS2451: Cannot redeclare block-scoped variable 'generateHmlFromTemplate'.
test-hml-v2.ts(54,32): error TS2304: Cannot find name 'QuestionWithImages'.
test-hml-v2.ts(54,82): error TS7006: Parameter 'q' implicitly has an 'any' type.
test-hml-v2.ts(54,85): error TS7006: Parameter 'idx' implicitly has an 'any' type.
test-hml-v2.ts(70,27): error TS2304: Cannot find name 'DbQuestion'.
test-hml-v2.ts(78,25): error TS2304: Cannot find name 'DbQuestionImage'.
test-hml-v2.ts(78,61): error TS7006: Parameter 'ref' implicitly has an 'any' type.
test-hml-v2.ts(79,49): error TS7006: Parameter 'i' implicitly has an 'any' type.
test-hml-v2.ts(93,31): error TS2304: Cannot find name 'DbQuestionImage'.
test-hwp-engine.ts(1,37): error TS5097: An import path can only end with a '.ts' extension when 'allowImportingTsExtensions' is enabled.
test-leakage.ts(1,37): error TS5097: An import path can only end with a '.ts' extension when 'allowImportingTsExtensions' is enabled.
test-v18-verify.ts(1,37): error TS5097: An import path can only end with a '.ts' extension when 'allowImportingTsExtensions' is enabled.
test-v19-verify.ts(1,37): error TS5097: An import path can only end with a '.ts' extension when 'allowImportingTsExtensions' is enabled.
test-v20-verify.ts(1,37): error TS5097: An import path can only end with a '.ts' extension when 'allowImportingTsExtensions' is enabled.
test-v8-verify.ts(1,37): error TS5097: An import path can only end with a '.ts' extension when 'allowImportingTsExtensions' is enabled.
test_ai_difficulty.ts(3,10): error TS2305: Module '"./src/lib/embeddings.js"' has no exported member 'predictDifficulty'.
test_border_extraction.ts(1,28): error TS5097: An import path can only end with a '.ts' extension when 'allowImportingTsExtensions' is enabled.
test_hml_crash_fix.ts(21,57): error TS2345: Argument of type '{ question: { id: string; content_xml: string; question_number: number; }; images: never[]; }[]' is not assignable to parameter of type 'QuestionWithImages[]'.
  Type '{ question: { id: string; content_xml: string; question_number: number; }; images: never[]; }' is not assignable to type 'QuestionWithImages'.
    Types of property 'question' are incompatible.
      Property 'plain_text' is missing in type '{ id: string; content_xml: string; question_number: number; }' but required in type 'DbQuestion'.
test_hml_crash_fix.ts(23,12): error TS2339: Property 'success' does not exist on type 'GenerateResult'.
test_hml_crash_fix.ts(23,30): error TS2339: Property 'hml' does not exist on type 'GenerateResult'.
test_hml_crash_fix.ts(24,24): error TS2339: Property 'hml' does not exist on type 'GenerateResult'.
test_hml_crash_fix.ts(47,52): error TS2339: Property 'error' does not exist on type 'GenerateResult'.
test_hwp_eqn_ts.ts(4,9): error TS2339: Property 'HwpEqnParser' does not exist on type 'typeof import("C:/Users/matho/OneDrive/\uBC14\uD0D5 \uD654\uBA74/\uC548\uD2F0\uADF8\uB798\uBE44\uD2F0 - \uBCF5\uC0AC\uBCF8/node_modules/hwp-eqn-ts/dist/index")'.
test_merger.ts(28,61): error TS2554: Expected 1 arguments, but got 3.
total-restoration-v24.ts(2,33): error TS5097: An import path can only end with a '.ts' extension when 'allowImportingTsExtensions' is enabled.
total-restoration-v24.ts(83,55): error TS18046: 'e' is of type 'unknown'.
total-wipe-and-render-v25.ts(2,33): error TS5097: An import path can only end with a '.ts' extension when 'allowImportingTsExtensions' is enabled.
total-wipe-and-render-v25.ts(89,55): error TS18046: 'e' is of type 'unknown'.
validate_fix_flatten.ts(8,54): error TS1501: This regular expression flag is only available when targeting 'es2018' or later.
verify_b4_v2.ts(4,41): error TS5097: An import path can only end with a '.ts' extension when 'allowImportingTsExtensions' is enabled.
verify_b4_v2.ts(56,29): error TS2802: Type 'RegExpStringIterator<RegExpExecArray>' can only be iterated through when using the '--downlevelIteration' flag or with a '--target' of 'es2015' or higher.
verify_b4_v2.ts(63,27): error TS2802: Type 'RegExpStringIterator<RegExpExecArray>' can only be iterated through when using the '--downlevelIteration' flag or with a '--target' of 'es2015' or higher.
verify_endnote_fix.ts(2,10): error TS2393: Duplicate function implementation.
verify_endnote_fix.ts(4,54): error TS1501: This regular expression flag is only available when targeting 'es2018' or later.
verify_endnote_fix.ts(44,7): error TS2451: Cannot redeclare block-scoped variable 'sampleXml'.
verify_endnote_fix.ts(48,7): error TS2451: Cannot redeclare block-scoped variable 'result'.
verify_fix_v35.ts(2,7): error TS2451: Cannot redeclare block-scoped variable 'fs'.
verify_fix_v35.ts(3,7): error TS2451: Cannot redeclare block-scoped variable 'path'.
verify_fix_v35.ts(6,9): error TS2451: Cannot redeclare block-scoped variable 'generateHmlFromTemplate'.
